// Jest Snapshot v1, https://goo.gl/fbAQLP

exports[`Pruebas en el GifGridItem debe mostrar el componente correctamente 1`] = `
<div
  className="card animate__animated animate__fadeInDown"
>
  <img
    alt="aja"
    src="http://adsdasdasdsads.jpg"
  />
  <p>
    aja
  </p>
</div>
`;
